"osu file format v14" => FileFormatMagic
"\n" => Newline
"\n" => Newline
"[General]" => SectionHeader("General")
"\n" => Newline
"\n" => Newline
"\n" => Newline
"\n" => Newline
"\n" => Newline
"\n" => Newline
"\n" => Newline
"\n" => Newline
"\n" => Newline
"\n" => Newline
"\n" => Newline
"\n" => Newline
"\n" => Newline
"\n" => Newline
"\n" => Newline
"\n" => Newline
"\n" => Newline
"\n" => Newline
"\n" => Newline
"\n" => Newline
"\n" => Newline
"\n" => Newline
"\n" => Newline
"\n" => Newline
"\n" => Newline
"\n" => Newline
"\n" => Newline
"\n" => Newline
"\n" => Newline
"\n" => Newline
"\n" => Newline
"\n" => Newline
"\n" => Newline
"\n" => Newline
"\n" => Newline
"\n" => Newline
"\n" => Newline
"\n" => Newline
"\n" => Newline
"\n" => Newline
"\n" => Newline
"\n" => Newline
"\n" => Newline
"\n" => Newline
"\n" => Newline
"\n" => Newline
"\n" => Newline
"\n" => Newline
"\n" => Newline
"\n" => Newline
"[TimingPoints]" => SectionHeader("TimingPoints")
"\n" => Newline
"\n" => Newline
"\n" => Newline
"\n" => Newline
"\n" => Newline
"\n" => Newline
"\n" => Newline
"\n" => Newline
"\n" => Newline
"\n" => Newline
"\n" => Newline
"\n" => Newline
"\n" => Newline
"\n" => Newline
"\n" => Newline
"\n" => Newline
"\n" => Newline
"\n" => Newline
"\n" => Newline
"\n" => Newline
"\n" => Newline
"\n" => Newline
"\n" => Newline
"\n" => Newline
"\n" => Newline
"\n" => Newline
"\n" => Newline
"\n" => Newline
"\n" => Newline
"\n" => Newline
"\n" => Newline
"\n" => Newline
"\n" => Newline
"\n" => Newline
"\n" => Newline
"\n" => Newline
"\n" => Newline
"\n" => Newline
"\n" => Newline
"\n" => Newline
"\n" => Newline
"\n" => Newline
"\n" => Newline
"\n" => Newline
"\n" => Newline
"\n" => Newline
"\n" => Newline
"\n" => Newline
"\n" => Newline
"\n" => Newline
"\n" => Newline
"\n" => Newline
"\n" => Newline
"\n" => Newline
"\n" => Newline
"\n" => Newline
"\n" => Newline
"\n" => Newline
"\n" => Newline
"\n" => Newline
"\n" => Newline
"\n" => Newline
"\n" => Newline
"\n" => Newline
"\n" => Newline
"\n" => Newline
"\n" => Newline
"\n" => Newline
"\n" => Newline
"\n" => Newline
"\n" => Newline
"\n" => Newline
"\n" => Newline
"\n" => Newline
"\n" => Newline
"\n" => Newline
"\n" => Newline
"\n" => Newline
"\n" => Newline
"\n" => Newline
"\n" => Newline
"\n" => Newline
"\n" => Newline
"\n" => Newline
"\n" => Newline
"\n" => Newline
"\n" => Newline
"\n" => Newline
"\n" => Newline
"\n" => Newline
"\n" => Newline
"\n" => Newline
"\n" => Newline
"\n" => Newline
"\n" => Newline
"\n" => Newline
"\n" => Newline
"\n" => Newline
"\n" => Newline
"\n" => Newline
"\n" => Newline
"\n" => Newline
"\n" => Newline
"\n" => Newline
"\n" => Newline
"\n" => Newline
"\n" => Newline
"\n" => Newline
"\n" => Newline
"\n" => Newline
"\n" => Newline
"\n" => Newline
"\n" => Newline
"\n" => Newline
"\n" => Newline
"\n" => Newline
"\n" => Newline
"\n" => Newline
"\n" => Newline
"\n" => Newline
"\n" => Newline
"\n" => Newline
"\n" => Newline
"\n" => Newline
"\n" => Newline
"\n" => Newline
"\n" => Newline
"\n" => Newline
"\n" => Newline
"\n" => Newline
"\n" => Newline
"\n" => Newline
"\n" => Newline
"\n" => Newline
"\n" => Newline
"\n" => Newline
"\n" => Newline
"\n" => Newline
"\n" => Newline
"\n" => Newline
"\n" => Newline
"\n" => Newline
"\n" => Newline
"\n" => Newline
"\n" => Newline
"\n" => Newline
"\n" => Newline
"\n" => Newline
"\n" => Newline
"\n" => Newline
"\n" => Newline
"\n" => Newline
"\n" => Newline
"\n" => Newline
"\n" => Newline
"\n" => Newline
"\n" => Newline
"\n" => Newline
"\n" => Newline
"\n" => Newline
"\n" => Newline
"\n" => Newline
"\n" => Newline
"\n" => Newline
"\n" => Newline
"\n" => Newline
"\n" => Newline
"\n" => Newline
"\n" => Newline
"\n" => Newline
"\n" => Newline
"\n" => Newline
"\n" => Newline
"\n" => Newline
"\n" => Newline
"\n" => Newline
"\n" => Newline
"\n" => Newline
"\n" => Newline
"\n" => Newline
"\n" => Newline
"\n" => Newline
"\n" => Newline
"\n" => Newline
"\n" => Newline
"\n" => Newline
"\n" => Newline
"\n" => Newline
"\n" => Newline
"\n" => Newline
"\n" => Newline
"\n" => Newline
"\n" => Newline
"\n" => Newline
"\n" => Newline
"\n" => Newline
"\n" => Newline
"\n" => Newline
"\n" => Newline
"\n" => Newline
"\n" => Newline
"\n" => Newline
"\n" => Newline
"\n" => Newline
"\n" => Newline
"\n" => Newline
"\n" => Newline
"\n" => Newline
"\n" => Newline
"\n" => Newline
"\n" => Newline
"\n" => Newline
"\n" => Newline
"\n" => Newline
"\n" => Newline
"\n" => Newline
"\n" => Newline
"\n" => Newline
"\n" => Newline
"\n" => Newline
"\n" => Newline
"\n" => Newline
"\n" => Newline
"\n" => Newline
"\n" => Newline
"\n" => Newline
"\n" => Newline
"\n" => Newline
"\n" => Newline
"\n" => Newline
"\n" => Newline
"\n" => Newline
"\n" => Newline
"\n" => Newline
"\n" => Newline
"\n" => Newline
"\n" => Newline
"\n" => Newline
"\n" => Newline
"\n" => Newline
"\n" => Newline
"\n" => Newline
"\n" => Newline
"\n" => Newline
"\n" => Newline
"\n" => Newline
"\n" => Newline
"\n" => Newline
"\n" => Newline
"\n" => Newline
"\n" => Newline
"\n" => Newline
"\n" => Newline
"\n" => Newline
"\n" => Newline
"\n" => Newline
"\n" => Newline
"\n" => Newline
"\n" => Newline
"\n" => Newline
"\n" => Newline
"\n" => Newline
"\n" => Newline
"\n" => Newline
"\n" => Newline
"\n" => Newline
"\n" => Newline
"\n" => Newline
"\n" => Newline
"\n" => Newline
"\n" => Newline
"\n" => Newline
"\n" => Newline
"\n" => Newline
"\n" => Newline
"\n" => Newline
"\n" => Newline
"\n" => Newline
"\n" => Newline
"\n" => Newline
"\n" => Newline
"\n" => Newline
"\n" => Newline
"\n" => Newline
"\n" => Newline
"\n" => Newline
"\n" => Newline
"\n" => Newline
"\n" => Newline
"\n" => Newline
"\n" => Newline
"\n" => Newline
"\n" => Newline
"\n" => Newline
"\n" => Newline
"\n" => Newline
"\n" => Newline
"\n" => Newline
"\n" => Newline
"\n" => Newline
"\n" => Newline
"\n" => Newline
"\n" => Newline
"\n" => Newline
"\n" => Newline
"\n" => Newline
"\n" => Newline
"\n" => Newline
"\n" => Newline
"\n" => Newline
"\n" => Newline
"[HitObjects]" => SectionHeader("HitObjects")
"\n" => Newline
"\n" => Newline
"\n" => Newline
"\n" => Newline
"\n" => Newline
"\n" => Newline
"\n" => Newline
"\n" => Newline
"\n" => Newline
"\n" => Newline
"\n" => Newline
"\n" => Newline
"\n" => Newline
"\n" => Newline
"\n" => Newline
"\n" => Newline
"\n" => Newline
"\n" => Newline
"\n" => Newline
"\n" => Newline
"\n" => Newline
"\n" => Newline
"\n" => Newline
"\n" => Newline
"\n" => Newline
"\n" => Newline
"\n" => Newline
"\n" => Newline
"\n" => Newline
"\n" => Newline
"\n" => Newline
"\n" => Newline
"\n" => Newline
"\n" => Newline
"\n" => Newline
"\n" => Newline
"\n" => Newline
"\n" => Newline
"\n" => Newline
"\n" => Newline
"\n" => Newline
"\n" => Newline
"\n" => Newline
"\n" => Newline
"\n" => Newline
"\n" => Newline
"\n" => Newline
"\n" => Newline
"\n" => Newline
"\n" => Newline
"\n" => Newline
"\n" => Newline
"\n" => Newline
"\n" => Newline
"\n" => Newline
"\n" => Newline
"\n" => Newline
"\n" => Newline
"\n" => Newline
"\n" => Newline
"\n" => Newline
"\n" => Newline
"\n" => Newline
"\n" => Newline
"\n" => Newline
"\n" => Newline
"\n" => Newline
"\n" => Newline
"\n" => Newline
"\n" => Newline
"\n" => Newline
"\n" => Newline
"\n" => Newline
"\n" => Newline
"\n" => Newline
"\n" => Newline
"\n" => Newline
"\n" => Newline
"\n" => Newline
"\n" => Newline
"\n" => Newline
"\n" => Newline
"\n" => Newline
"\n" => Newline
"\n" => Newline
"\n" => Newline
"\n" => Newline
"\n" => Newline
"\n" => Newline
"\n" => Newline
"\n" => Newline
"\n" => Newline
"\n" => Newline
"\n" => Newline
"\n" => Newline
"\n" => Newline
"\n" => Newline
"\n" => Newline
"\n" => Newline
"\n" => Newline
"\n" => Newline
"\n" => Newline
"\n" => Newline
"\n" => Newline
"\n" => Newline
"\n" => Newline
"\n" => Newline
"\n" => Newline
"\n" => Newline
"\n" => Newline
"\n" => Newline
"\n" => Newline
"\n" => Newline
"\n" => Newline
"\n" => Newline
"\n" => Newline
"\n" => Newline
"\n" => Newline
"\n" => Newline
"\n" => Newline
"\n" => Newline
"\n" => Newline
"\n" => Newline
"\n" => Newline
"\n" => Newline
"\n" => Newline
"\n" => Newline
"\n" => Newline
"\n" => Newline
"\n" => Newline
"\n" => Newline
"\n" => Newline
"\n" => Newline
"\n" => Newline
"\n" => Newline
"\n" => Newline
"\n" => Newline
"\n" => Newline
"\n" => Newline
"\n" => Newline
"\n" => Newline
"\n" => Newline
"\n" => Newline
"\n" => Newline
"\n" => Newline
"\n" => Newline
"\n" => Newline
"\n" => Newline
"\n" => Newline
"\n" => Newline
"\n" => Newline
"\n" => Newline
"\n" => Newline
"\n" => Newline
"\n" => Newline
"\n" => Newline
"\n" => Newline
"\n" => Newline
"\n" => Newline
"\n" => Newline
"\n" => Newline
"\n" => Newline
"\n" => Newline
"\n" => Newline
"\n" => Newline
"\n" => Newline
"\n" => Newline
"\n" => Newline
"\n" => Newline
"\n" => Newline
"\n" => Newline
"\n" => Newline
"\n" => Newline
"\n" => Newline
"\n" => Newline
"\n" => Newline
"\n" => Newline
"\n" => Newline
"\n" => Newline
"\n" => Newline
"\n" => Newline
"\n" => Newline
"\n" => Newline
"\n" => Newline
"\n" => Newline
"\n" => Newline
"\n" => Newline
"\n" => Newline
"\n" => Newline
"\n" => Newline
"\n" => Newline
"\n" => Newline
"\n" => Newline
"\n" => Newline
"\n" => Newline
"\n" => Newline
"\n" => Newline
"\n" => Newline
"\n" => Newline
"\n" => Newline
"\n" => Newline
"\n" => Newline
"\n" => Newline
"\n" => Newline
"\n" => Newline
"\n" => Newline
"\n" => Newline
"\n" => Newline
"\n" => Newline
"\n" => Newline
"\n" => Newline
"\n" => Newline
"\n" => Newline
"\n" => Newline
"\n" => Newline
"\n" => Newline
"\n" => Newline
"\n" => Newline
"\n" => Newline
"\n" => Newline
"\n" => Newline
"\n" => Newline
"\n" => Newline
"\n" => Newline
"\n" => Newline
"\n" => Newline
"\n" => Newline
"\n" => Newline
"\n" => Newline
"\n" => Newline
"\n" => Newline
"\n" => Newline
"\n" => Newline
"\n" => Newline
"\n" => Newline
"\n" => Newline
"\n" => Newline
"\n" => Newline
"\n" => Newline
"\n" => Newline
"\n" => Newline
"\n" => Newline
"\n" => Newline
"\n" => Newline
"\n" => Newline
"\n" => Newline
"\n" => Newline
"\n" => Newline
"\n" => Newline
"\n" => Newline
"\n" => Newline
"\n" => Newline
"\n" => Newline
"\n" => Newline
"\n" => Newline
"\n" => Newline
"\n" => Newline
"\n" => Newline
"\n" => Newline
"\n" => Newline
"\n" => Newline
"\n" => Newline
"\n" => Newline
"\n" => Newline
"\n" => Newline
"\n" => Newline
"\n" => Newline
"\n" => Newline
"\n" => Newline
"\n" => Newline
"\n" => Newline
"\n" => Newline
"\n" => Newline
"\n" => Newline
"\n" => Newline
"\n" => Newline
"\n" => Newline
"\n" => Newline
"\n" => Newline
"\n" => Newline
"\n" => Newline
"\n" => Newline
"\n" => Newline
"\n" => Newline
"\n" => Newline
"\n" => Newline
"\n" => Newline
"\n" => Newline
"\n" => Newline
"\n" => Newline
"\n" => Newline
"\n" => Newline
"\n" => Newline
"\n" => Newline
"\n" => Newline
"\n" => Newline
"\n" => Newline
"\n" => Newline
"\n" => Newline
"\n" => Newline
"\n" => Newline
"\n" => Newline
"\n" => Newline
"\n" => Newline
"\n" => Newline
"\n" => Newline
"\n" => Newline
"\n" => Newline
"\n" => Newline
"\n" => Newline
"\n" => Newline
"\n" => Newline
"\n" => Newline
"\n" => Newline
"\n" => Newline
"\n" => Newline
"\n" => Newline
"\n" => Newline
"\n" => Newline
"\n" => Newline
"\n" => Newline
"\n" => Newline
"\n" => Newline
"\n" => Newline
"\n" => Newline
"\n" => Newline
"\n" => Newline
"\n" => Newline
"\n" => Newline
"\n" => Newline
"\n" => Newline
"\n" => Newline
"\n" => Newline
"\n" => Newline
"\n" => Newline
"\n" => Newline
"\n" => Newline
"\n" => Newline
"\n" => Newline
"\n" => Newline
"\n" => Newline
"\n" => Newline
"\n" => Newline
"\n" => Newline
"\n" => Newline
"\n" => Newline
"\n" => Newline
"\n" => Newline
"\n" => Newline
"\n" => Newline
"\n" => Newline
"\n" => Newline
"\n" => Newline
"\n" => Newline
"\n" => Newline
"\n" => Newline
"\n" => Newline
"\n" => Newline
"\n" => Newline
"\n" => Newline
"\n" => Newline
"\n" => Newline
"\n" => Newline
"\n" => Newline
"\n" => Newline
"\n" => Newline
"\n" => Newline
"\n" => Newline
"\n" => Newline
"\n" => Newline
"\n" => Newline
"\n" => Newline
"\n" => Newline
"\n" => Newline
"\n" => Newline
"\n" => Newline
"\n" => Newline
"\n" => Newline
"\n" => Newline
"\n" => Newline
"\n" => Newline
"\n" => Newline
"\n" => Newline
"\n" => Newline
"\n" => Newline
"\n" => Newline
"\n" => Newline
"\n" => Newline
"\n" => Newline
"\n" => Newline
"\n" => Newline
"\n" => Newline
"\n" => Newline
"\n" => Newline
"\n" => Newline
"\n" => Newline
"\n" => Newline
"\n" => Newline
"\n" => Newline
"\n" => Newline
"\n" => Newline
"\n" => Newline
"\n" => Newline
"\n" => Newline
"\n" => Newline
"\n" => Newline
"\n" => Newline
"\n" => Newline
"\n" => Newline
"\n" => Newline
"\n" => Newline
"\n" => Newline
"\n" => Newline
"\n" => Newline
"\n" => Newline
"\n" => Newline
"\n" => Newline
"\n" => Newline
"\n" => Newline
"\n" => Newline
"\n" => Newline
"\n" => Newline
"\n" => Newline
"\n" => Newline
"\n" => Newline
"\n" => Newline
"\n" => Newline
"\n" => Newline
"\n" => Newline
"\n" => Newline
"\n" => Newline
"\n" => Newline
"\n" => Newline
"\n" => Newline
"\n" => Newline
"\n" => Newline
"\n" => Newline
"\n" => Newline
"\n" => Newline
"\n" => Newline
"\n" => Newline
"\n" => Newline
"\n" => Newline
"\n" => Newline
"\n" => Newline
"\n" => Newline
"\n" => Newline
"\n" => Newline
"\n" => Newline
"\n" => Newline
"\n" => Newline
"\n" => Newline
"\n" => Newline
"\n" => Newline
"\n" => Newline
"\n" => Newline
"\n" => Newline
"\n" => Newline
"\n" => Newline
"\n" => Newline
"\n" => Newline
"\n" => Newline
"\n" => Newline
"\n" => Newline
"\n" => Newline
"\n" => Newline
"\n" => Newline
"\n" => Newline
"\n" => Newline
"\n" => Newline
"\n" => Newline
"\n" => Newline
"\n" => Newline
"\n" => Newline
"\n" => Newline
"\n" => Newline
"\n" => Newline
"\n" => Newline
"\n" => Newline
"\n" => Newline
"\n" => Newline
"\n" => Newline
"\n" => Newline
"\n" => Newline
"\n" => Newline
"\n" => Newline
"\n" => Newline
"\n" => Newline
"\n" => Newline
"\n" => Newline
"\n" => Newline
"\n" => Newline
"\n" => Newline
"\n" => Newline
"\n" => Newline
"\n" => Newline
"\n" => Newline
"\n" => Newline
"\n" => Newline
"\n" => Newline
"\n" => Newline
"\n" => Newline
"\n" => Newline
"\n" => Newline
"\n" => Newline
"\n" => Newline
"\n" => Newline
"\n" => Newline
"\n" => Newline
"\n" => Newline
"\n" => Newline
"\n" => Newline
"\n" => Newline
"\n" => Newline
"\n" => Newline
"\n" => Newline
"\n" => Newline
"\n" => Newline
"\n" => Newline
"\n" => Newline
"\n" => Newline
"\n" => Newline
"\n" => Newline
"\n" => Newline
"\n" => Newline
"\n" => Newline
"\n" => Newline
"\n" => Newline
"\n" => Newline
"\n" => Newline
"\n" => Newline
"\n" => Newline
"\n" => Newline
"\n" => Newline
"\n" => Newline
"\n" => Newline
"\n" => Newline
"\n" => Newline
"\n" => Newline
"\n" => Newline
"\n" => Newline
"\n" => Newline
"\n" => Newline
"\n" => Newline
"\n" => Newline
"\n" => Newline
"\n" => Newline
"\n" => Newline
"\n" => Newline
"\n" => Newline
"\n" => Newline
"\n" => Newline
"\n" => Newline
"\n" => Newline
"\n" => Newline
"\n" => Newline
"\n" => Newline
"\n" => Newline
"\n" => Newline
"\n" => Newline
"\n" => Newline
"\n" => Newline
"\n" => Newline
"\n" => Newline
"\n" => Newline
"\n" => Newline
"\n" => Newline
"\n" => Newline
"\n" => Newline
"\n" => Newline
"\n" => Newline
"\n" => Newline
"\n" => Newline
"\n" => Newline
"\n" => Newline
"\n" => Newline
"\n" => Newline
"\n" => Newline
"\n" => Newline
"\n" => Newline
"\n" => Newline
"\n" => Newline
"\n" => Newline
"\n" => Newline
"\n" => Newline
"\n" => Newline
"\n" => Newline
"\n" => Newline
"\n" => Newline
"\n" => Newline
"\n" => Newline
"\n" => Newline
"\n" => Newline
"\n" => Newline
"\n" => Newline
"\n" => Newline
"\n" => Newline
"\n" => Newline
"\n" => Newline
"\n" => Newline
"\n" => Newline
"\n" => Newline
"\n" => Newline
"\n" => Newline
"\n" => Newline
"\n" => Newline
"\n" => Newline
"\n" => Newline
"\n" => Newline
"\n" => Newline
"\n" => Newline
"\n" => Newline
"\n" => Newline
"\n" => Newline
"\n" => Newline
"\n" => Newline
"\n" => Newline
"\n" => Newline
"\n" => Newline
"\n" => Newline
"\n" => Newline
"\n" => Newline
"\n" => Newline
"\n" => Newline
"\n" => Newline
"\n" => Newline
"\n" => Newline
"\n" => Newline
"\n" => Newline
"\n" => Newline
"\n" => Newline
"\n" => Newline
"\n" => Newline
"\n" => Newline
"\n" => Newline
"\n" => Newline
"\n" => Newline
"\n" => Newline
"\n" => Newline
"\n" => Newline
"\n" => Newline
"\n" => Newline
"\n" => Newline
"\n" => Newline
"\n" => Newline
"\n" => Newline
"\n" => Newline
"\n" => Newline
"\n" => Newline
"\n" => Newline
"\n" => Newline
"\n" => Newline
"\n" => Newline
"\n" => Newline
"\n" => Newline
"\n" => Newline
"\n" => Newline
"\n" => Newline
"\n" => Newline
"\n" => Newline
"\n" => Newline
"\n" => Newline
"\n" => Newline
"\n" => Newline
"\n" => Newline
"\n" => Newline
"\n" => Newline
"\n" => Newline
"\n" => Newline
"\n" => Newline
"\n" => Newline
"\n" => Newline
"\n" => Newline
"\n" => Newline
"\n" => Newline
"\n" => Newline
"\n" => Newline
"\n" => Newline
"\n" => Newline
"\n" => Newline
"\n" => Newline
"\n" => Newline
"\n" => Newline
"\n" => Newline
"\n" => Newline
"\n" => Newline
"\n" => Newline
"\n" => Newline
"\n" => Newline
"\n" => Newline
